# dune build -w
# OCAMLPARAM: unset
# Shared cache: disabled
# Shared cache location: /home/filhoalexandre/.cache/dune/db
# Workspace root:
# /home/filhoalexandre/Documents/EDL_2024.1/T2-Ocaml/Hello_Ocaml
# Auto-detected concurrency: 2
# Dune context:
#  { name = "default"
#  ; kind = "default"
#  ; profile = Dev
#  ; merlin = true
#  ; fdo_target_exe = None
#  ; build_dir = In_build_dir "default"
#  ; installed_env =
#      map
#        { "INSIDE_DUNE" :
#            "/home/filhoalexandre/Documents/EDL_2024.1/T2-Ocaml/Hello_Ocaml/_build/default"
#        ; "OCAML_COLOR" : "always"
#        ; "OPAMCOLOR" : "always"
#        }
#  ; instrument_with = []
#  }
$ /usr/bin/ocamlc.opt -config > /tmp/dune_43e086_output
$ (cd _build/default && /usr/bin/ocamlopt.opt -w @1..3@5..28@31..39@43@46..47@49..57@61..62@67@69-40 -strict-sequence -strict-formats -short-paths -keep-locs -g -I bin/.main.eobjs/byte -I bin/.main.eobjs/native -I lib/.Hello_Ocaml.objs/byte -I lib/.Hello_Ocaml.objs/native -intf-suffix .ml -no-alias-deps -opaque -o bin/.main.eobjs/native/dune__exe__Main.cmx -c -impl bin/main.ml)
> File "bin/main.ml", line 18, characters 2-17:
> 18 |   modelo: string;
>        ^^^^^^^^^^^^^^^
> Error (warning 69 [unused-field]): record field modelo is never read.
> (However, this field is used to build or mutate values.)
> File "bin/main.ml", line 19, characters 2-11:
> 19 |   ano: int;
>        ^^^^^^^^^
> Error (warning 69 [unused-field]): record field ano is never read.
> (However, this field is used to build or mutate values.)
> File "bin/main.ml", line 20, characters 2-15:
> 20 |   odometro: int
>        ^^^^^^^^^^^^^
> Error (warning 69 [unused-field]): record field odometro is never read.
> (However, this field is used to build or mutate values.)
> File "bin/main.ml", line 23, characters 4-13:
> 23 | let meu_carro = {modelo="Fusca"; ano=1970; odometro=100000};;
>          ^^^^^^^^^
> Error (warning 32 [unused-value-declaration]): unused value meu_carro.
[2]
$ (cd _build/default && /usr/bin/ocamlopt.opt -w @1..3@5..28@31..39@43@46..47@49..57@61..62@67@69-40 -strict-sequence -strict-formats -short-paths -keep-locs -g -I bin/.main.eobjs/byte -I bin/.main.eobjs/native -I lib/.Hello_Ocaml.objs/byte -I lib/.Hello_Ocaml.objs/native -intf-suffix .ml -no-alias-deps -opaque -o bin/.main.eobjs/native/dune__exe__Main.cmx -c -impl bin/main.ml)
> File "bin/main.ml", line 26, characters 14-27:
> 26 | print_endline meu_carro.ano;;
>                    ^^^^^^^^^^^^^
> Error: This expression has type int but an expression was expected of type
>          string
[2]
$ (cd _build/default && /usr/bin/ocamlopt.opt -w @1..3@5..28@31..39@43@46..47@49..57@61..62@67@69-40 -strict-sequence -strict-formats -short-paths -keep-locs -g -I bin/.main.eobjs/byte -I bin/.main.eobjs/native -I lib/.Hello_Ocaml.objs/byte -I lib/.Hello_Ocaml.objs/native -intf-suffix .ml -no-alias-deps -opaque -o bin/.main.eobjs/native/dune__exe__Main.cmx -c -impl bin/main.ml)
> File "bin/main.ml", line 27, characters 14-32:
> 27 | print_endline meu_carro.odometro;;
>                    ^^^^^^^^^^^^^^^^^^
> Error: This expression has type int but an expression was expected of type
>          string
[2]
$ (cd _build/default && /usr/bin/ocamlopt.opt -w @1..3@5..28@31..39@43@46..47@49..57@61..62@67@69-40 -strict-sequence -strict-formats -short-paths -keep-locs -g -I bin/.main.eobjs/byte -I bin/.main.eobjs/native -I lib/.Hello_Ocaml.objs/byte -I lib/.Hello_Ocaml.objs/native -intf-suffix .ml -no-alias-deps -opaque -o bin/.main.eobjs/native/dune__exe__Main.cmx -c -impl bin/main.ml)
> File "bin/main.ml", line 26, characters 14-27:
> 26 | print_endline meu_carro.ano;;
>                    ^^^^^^^^^^^^^
> Error: This expression has type int but an expression was expected of type
>          string
[2]
$ (cd _build/default && /usr/bin/ocamlopt.opt -w @1..3@5..28@31..39@43@46..47@49..57@61..62@67@69-40 -strict-sequence -strict-formats -short-paths -keep-locs -g -I bin/.main.eobjs/byte -I bin/.main.eobjs/native -I lib/.Hello_Ocaml.objs/byte -I lib/.Hello_Ocaml.objs/native -intf-suffix .ml -no-alias-deps -opaque -o bin/.main.eobjs/native/dune__exe__Main.cmx -c -impl bin/main.ml)
> File "bin/main.ml", line 19, characters 2-11:
> 19 |   ano: int;
>        ^^^^^^^^^
> Error (warning 69 [unused-field]): record field ano is never read.
> (However, this field is used to build or mutate values.)
> File "bin/main.ml", line 20, characters 2-15:
> 20 |   odometro: int
>        ^^^^^^^^^^^^^
> Error (warning 69 [unused-field]): record field odometro is never read.
> (However, this field is used to build or mutate values.)
[2]
$ (cd _build/default && /usr/bin/ocamlopt.opt -w @1..3@5..28@31..39@43@46..47@49..57@61..62@67@69-40 -strict-sequence -strict-formats -short-paths -keep-locs -g -I bin/.main.eobjs/byte -I bin/.main.eobjs/native -I lib/.Hello_Ocaml.objs/byte -I lib/.Hello_Ocaml.objs/native -intf-suffix .ml -no-alias-deps -opaque -o bin/.main.eobjs/native/dune__exe__Main.cmx -c -impl bin/main.ml)
> File "bin/main.ml", line 18, characters 2-17:
> 18 |   modelo: string;
>        ^^^^^^^^^^^^^^^
> Error (warning 69 [unused-field]): record field modelo is never read.
> (However, this field is used to build or mutate values.)
> File "bin/main.ml", line 19, characters 2-11:
> 19 |   ano: int;
>        ^^^^^^^^^
> Error (warning 69 [unused-field]): record field ano is never read.
> (However, this field is used to build or mutate values.)
> File "bin/main.ml", line 20, characters 2-16:
> 20 |   odometro: int;
>        ^^^^^^^^^^^^^^
> Error (warning 69 [unused-field]): record field odometro is never read.
> (However, this field is used to build or mutate values.)
> File "bin/main.ml", line 23, characters 4-13:
> 23 | let meu_carro = {modelo="Fusca"; ano=1970; odometro=100000};;
>          ^^^^^^^^^
> Error (warning 32 [unused-value-declaration]): unused value meu_carro.
[2]
$ (cd _build/default && /usr/bin/ocamlopt.opt -w @1..3@5..28@31..39@43@46..47@49..57@61..62@67@69-40 -strict-sequence -strict-formats -short-paths -keep-locs -g -I bin/.main.eobjs/byte -I bin/.main.eobjs/native -I lib/.Hello_Ocaml.objs/byte -I lib/.Hello_Ocaml.objs/native -intf-suffix .ml -no-alias-deps -opaque -o bin/.main.eobjs/native/dune__exe__Main.cmx -c -impl bin/main.ml)
> File "bin/main.ml", lines 27-34, characters 0-11:
> 27 | type dias_da_semana = 
> 28 |   | Segunda
> 29 |   | Terca
> 30 |   | Quarta
> 31 |   | Quinta
> 32 |   | Sexta
> 33 |   | Sabado
> 34 |   | Domingo..
> Error (warning 34 [unused-type-declaration]): unused type dias_da_semana.
> File "bin/main.ml", line 28, characters 2-11:
> 28 |   | Segunda
>        ^^^^^^^^^
> Error (warning 37 [unused-constructor]): unused constructor Segunda.
> File "bin/main.ml", line 29, characters 2-9:
> 29 |   | Terca
>        ^^^^^^^
> Error (warning 37 [unused-constructor]): unused constructor Terca.
> File "bin/main.ml", line 30, characters 2-10:
> 30 |   | Quarta
>        ^^^^^^^^
> Error (warning 37 [unused-constructor]): unused constructor Quarta.
> File "bin/main.ml", line 31, characters 2-10:
> 31 |   | Quinta
>        ^^^^^^^^
> Error (warning 37 [unused-constructor]): unused constructor Quinta.
> File "bin/main.ml", line 32, characters 2-9:
> 32 |   | Sexta
>        ^^^^^^^
> Error (warning 37 [unused-constructor]): unused constructor Sexta.
> File "bin/main.ml", line 33, characters 2-10:
> 33 |   | Sabado
>        ^^^^^^^^
> Error (warning 37 [unused-constructor]): unused constructor Sabado.
> File "bin/main.ml", line 34, characters 2-11:
> 34 |   | Domingo;;
>        ^^^^^^^^^
> Error (warning 37 [unused-constructor]): unused constructor Domingo.
[2]
$ (cd _build/default && /usr/bin/ocamlopt.opt -w @1..3@5..28@31..39@43@46..47@49..57@61..62@67@69-40 -strict-sequence -strict-formats -short-paths -keep-locs -g -I bin/.main.eobjs/byte -I bin/.main.eobjs/native -I lib/.Hello_Ocaml.objs/byte -I lib/.Hello_Ocaml.objs/native -intf-suffix .ml -no-alias-deps -opaque -o bin/.main.eobjs/native/dune__exe__Main.cmx -c -impl bin/main.ml)
> File "bin/main.ml", line 29, characters 2-9:
> 29 |   | Terca
>        ^^^^^^^
> Error (warning 37 [unused-constructor]): unused constructor Terca.
> File "bin/main.ml", line 30, characters 2-10:
> 30 |   | Quarta
>        ^^^^^^^^
> Error (warning 37 [unused-constructor]): unused constructor Quarta.
> File "bin/main.ml", line 31, characters 2-10:
> 31 |   | Quinta
>        ^^^^^^^^
> Error (warning 37 [unused-constructor]): unused constructor Quinta.
> File "bin/main.ml", line 32, characters 2-9:
> 32 |   | Sexta
>        ^^^^^^^
> Error (warning 37 [unused-constructor]): unused constructor Sexta.
> File "bin/main.ml", line 33, characters 2-10:
> 33 |   | Sabado
>        ^^^^^^^^
> Error (warning 37 [unused-constructor]): unused constructor Sabado.
> File "bin/main.ml", line 34, characters 2-11:
> 34 |   | Domingo;;
>        ^^^^^^^^^
> Error (warning 37 [unused-constructor]): unused constructor Domingo.
[2]
$ (cd _build/default && /usr/bin/ocamlopt.opt -w @1..3@5..28@31..39@43@46..47@49..57@61..62@67@69-40 -strict-sequence -strict-formats -short-paths -keep-locs -g -I bin/.main.eobjs/byte -I bin/.main.eobjs/native -I lib/.Hello_Ocaml.objs/byte -I lib/.Hello_Ocaml.objs/native -intf-suffix .ml -no-alias-deps -opaque -o bin/.main.eobjs/native/dune__exe__Main.cmx -c -impl bin/main.ml)
$ (cd _build/default && /usr/bin/ocamlopt.opt -w @1..3@5..28@31..39@43@46..47@49..57@61..62@67@69-40 -strict-sequence -strict-formats -short-paths -keep-locs -g -I bin/.main.eobjs/byte -I bin/.main.eobjs/native -I lib/.Hello_Ocaml.objs/byte -I lib/.Hello_Ocaml.objs/native -intf-suffix .ml -no-alias-deps -opaque -o bin/.main.eobjs/native/dune__exe__Main.cmx -c -impl bin/main.ml)
